This is pdfTeX, Version 3.14159265-2.6-1.40.20 (MiKTeX 2.9.6960 64-bit) (preloaded format=pdflatex 2019.3.11)  28 MAR 2019 15:34
entering extended mode
**C:/Users/alexandre.ripoteau/Documents/Audit-conf/Methodologie/test.tex
(C:/Users/alexandre.ripoteau/Documents/Audit-conf/Methodologie/test.tex
LaTeX2e <2018-12-01>

("C:\Users\alexandre.ripoteau\AppData\Local\Programs\MiKTeX 2.9\tex/latex/base\
book.cls"
Document Class: book 2018/09/03 v1.4i Standard LaTeX document class

("C:\Users\alexandre.ripoteau\AppData\Local\Programs\MiKTeX 2.9\tex/latex/base\
bk12.clo"
File: bk12.clo 2018/09/03 v1.4i Standard LaTeX file (size option)
)
\c@part=\count80
\c@chapter=\count81
\c@section=\count82
\c@subsection=\count83
\c@subsubsection=\count84
\c@paragraph=\count85
\c@subparagraph=\count86
\c@figure=\count87
\c@table=\count88
\abovecaptionskip=\skip41
\belowcaptionskip=\skip42
\bibindent=\dimen102
)
("C:\Users\alexandre.ripoteau\AppData\Local\Programs\MiKTeX 2.9\tex/generic/bab
el\babel.sty"
Package: babel 2018/11/13 3.27 The Babel package

("C:\Users\alexandre.ripoteau\AppData\Local\Programs\MiKTeX 2.9\tex/generic/bab
el\switch.def"
File: switch.def 2018/11/13 3.27 Babel switching mechanism
)
*************************************
* Local config file bblopts.cfg used
*

("C:\Users\alexandre.ripoteau\AppData\Local\Programs\MiKTeX 2.9\tex/latex/arabi
\bblopts.cfg"
File: bblopts.cfg 2005/09/08 v0.1 add Arabic and Farsi to "declared" options of
 babel
)
("C:\Users\alexandre.ripoteau\AppData\Local\Programs\MiKTeX 2.9\tex/generic/bab
el-french\french.ldf"
Language: french 2019/01/30 v3.5d French support from the babel system

("C:\Users\alexandre.ripoteau\AppData\Local\Programs\MiKTeX 2.9\tex/generic/bab
el\babel.def"
File: babel.def 2018/11/13 3.27 Babel common definitions
\babel@savecnt=\count89
\U@D=\dimen103

("C:\Users\alexandre.ripoteau\AppData\Local\Programs\MiKTeX 2.9\tex/generic/bab
el\txtbabel.def")
\bbl@dirlevel=\count90
)
\l@acadian = a dialect from \language\l@french 
\FB@nonchar=\count91
Package babel Info: Making : an active character on input line 414.
Package babel Info: Making ; an active character on input line 415.
Package babel Info: Making ! an active character on input line 416.
Package babel Info: Making ? an active character on input line 417.
\FBguill@level=\count92
\FBold@everypar=\toks14
\FB@Mht=\dimen104
\mc@charclass=\count93
\mc@charfam=\count94
\mc@charslot=\count95
\std@mcc=\count96
\dec@mcc=\count97
\c@FBcaption@count=\count98
\listindentFB=\dimen105
\descindentFB=\dimen106
\labelindentFB=\dimen107
\labelwidthFB=\dimen108
\leftmarginFB=\dimen109
\parindentFFN=\dimen110
\FBfnindent=\dimen111
))
("C:\Users\alexandre.ripoteau\AppData\Local\Programs\MiKTeX 2.9\tex/latex/carli
sle\scalefnt.sty")
("C:\Users\alexandre.ripoteau\AppData\Local\Programs\MiKTeX 2.9\tex/latex/graph
ics\keyval.sty"
Package: keyval 2014/10/28 v1.15 key=value parser (DPC)
\KV@toks@=\toks15
)
("C:\Users\alexandre.ripoteau\AppData\Local\Programs\MiKTeX 2.9\tex/generic/ifx
etex\ifxetex.sty"
Package: ifxetex 2010/09/12 v0.6 Provides ifxetex conditional
)
("C:\Users\alexandre.ripoteau\AppData\Local\Programs\MiKTeX 2.9\tex/latex/base\
inputenc.sty"
Package: inputenc 2018/08/11 v1.3c Input encoding file
\inpenc@prehook=\toks16
\inpenc@posthook=\toks17
)
("C:\Users\alexandre.ripoteau\AppData\Local\Programs\MiKTeX 2.9\tex/latex/marvo
sym\marvosym.sty"
Package: marvosym 2011/07/20 v2.2 Martin Vogel's Symbols font definitions
)
("C:\Users\alexandre.ripoteau\AppData\Local\Programs\MiKTeX 2.9\tex/latex/wasys
ym\wasysym.sty"
Package: wasysym 2003/10/30 v2.0 Wasy-2 symbol support package
\symwasy=\mathgroup4
LaTeX Font Info:    Overwriting symbol font `wasy' in version `bold'
(Font)                  U/wasy/m/n --> U/wasy/b/n on input line 90.
)
("C:\Users\alexandre.ripoteau\AppData\Local\Programs\MiKTeX 2.9\tex/latex/dingb
at\dingbat.sty"
Package: dingbat 2001/04/27 v1.00 Hands and other dingbats
)
("C:\Users\alexandre.ripoteau\AppData\Local\Programs\MiKTeX 2.9\tex/latex/amsfo
nts\amsfonts.sty"
Package: amsfonts 2013/01/14 v3.01 Basic AMSFonts support
\@emptytoks=\toks18
\symAMSa=\mathgroup5
\symAMSb=\mathgroup6
LaTeX Font Info:    Overwriting math alphabet `\mathfrak' in version `bold'
(Font)                  U/euf/m/n --> U/euf/b/n on input line 106.
)
("C:\Users\alexandre.ripoteau\AppData\Local\Programs\MiKTeX 2.9\tex/latex/geome
try\geometry.sty"
Package: geometry 2018/04/16 v5.8 Page Geometry

("C:\Users\alexandre.ripoteau\AppData\Local\Programs\MiKTeX 2.9\tex/generic/obe
rdiek\ifpdf.sty"
Package: ifpdf 2018/09/07 v3.3 Provides the ifpdf switch
)
("C:\Users\alexandre.ripoteau\AppData\Local\Programs\MiKTeX 2.9\tex/generic/obe
rdiek\ifvtex.sty"
Package: ifvtex 2016/05/16 v1.6 Detect VTeX and its facilities (HO)
Package ifvtex Info: VTeX not detected.
)
\Gm@cnth=\count99
\Gm@cntv=\count100
\c@Gm@tempcnt=\count101
\Gm@bindingoffset=\dimen112
\Gm@wd@mp=\dimen113
\Gm@odd@mp=\dimen114
\Gm@even@mp=\dimen115
\Gm@layoutwidth=\dimen116
\Gm@layoutheight=\dimen117
\Gm@layouthoffset=\dimen118
\Gm@layoutvoffset=\dimen119
\Gm@dimlist=\toks19

("C:\Users\alexandre.ripoteau\AppData\Local\Programs\MiKTeX 2.9\tex/latex/geome
try\geometry.cfg"))
("C:\Users\alexandre.ripoteau\AppData\Local\Programs\MiKTeX 2.9\tex/latex/graph
ics\graphicx.sty"
Package: graphicx 2017/06/01 v1.1a Enhanced LaTeX Graphics (DPC,SPQR)

("C:\Users\alexandre.ripoteau\AppData\Local\Programs\MiKTeX 2.9\tex/latex/graph
ics\graphics.sty"
Package: graphics 2017/06/25 v1.2c Standard LaTeX Graphics (DPC,SPQR)

("C:\Users\alexandre.ripoteau\AppData\Local\Programs\MiKTeX 2.9\tex/latex/graph
ics\trig.sty"
Package: trig 2016/01/03 v1.10 sin cos tan (DPC)
)
("C:\Users\alexandre.ripoteau\AppData\Local\Programs\MiKTeX 2.9\tex/latex/graph
ics-cfg\graphics.cfg"
File: graphics.cfg 2016/06/04 v1.11 sample graphics configuration
)
Package graphics Info: Driver file: pdftex.def on input line 99.

("C:\Users\alexandre.ripoteau\AppData\Local\Programs\MiKTeX 2.9\tex/latex/graph
ics-def\pdftex.def"
File: pdftex.def 2018/01/08 v1.0l Graphics/color driver for pdftex
))
\Gin@req@height=\dimen120
\Gin@req@width=\dimen121
)
("C:\Users\alexandre.ripoteau\AppData\Local\Programs\MiKTeX 2.9\tex/latex/xcolo
r\xcolor.sty"
Package: xcolor 2016/05/11 v2.12 LaTeX color extensions (UK)

("C:\Users\alexandre.ripoteau\AppData\Local\Programs\MiKTeX 2.9\tex/latex/graph
ics-cfg\color.cfg"
File: color.cfg 2016/01/02 v1.6 sample color configuration
)
Package xcolor Info: Package option `usenames' ignored on input line 216.
Package xcolor Info: Driver file: pdftex.def on input line 225.

("C:\Users\alexandre.ripoteau\AppData\Local\Programs\MiKTeX 2.9\tex/latex/color
tbl\colortbl.sty"
Package: colortbl 2018/12/12 v1.0d Color table columns (DPC)

("C:\Users\alexandre.ripoteau\AppData\Local\Programs\MiKTeX 2.9\tex/latex/tools
\array.sty"
Package: array 2018/12/30 v2.4k Tabular extension package (FMi)
\col@sep=\dimen122
\ar@mcellbox=\box27
\extrarowheight=\dimen123
\NC@list=\toks20
\extratabsurround=\skip43
\backup@length=\skip44
\ar@cellbox=\box28
)
\everycr=\toks21
\minrowclearance=\skip45
)
\rownum=\count102
Package xcolor Info: Model `cmy' substituted by `cmy0' on input line 1348.
Package xcolor Info: Model `hsb' substituted by `rgb' on input line 1352.
Package xcolor Info: Model `RGB' extended on input line 1364.
Package xcolor Info: Model `HTML' substituted by `rgb' on input line 1366.
Package xcolor Info: Model `Hsb' substituted by `hsb' on input line 1367.
Package xcolor Info: Model `tHsb' substituted by `hsb' on input line 1368.
Package xcolor Info: Model `HSB' substituted by `hsb' on input line 1369.
Package xcolor Info: Model `Gray' substituted by `gray' on input line 1370.
Package xcolor Info: Model `wave' substituted by `hsb' on input line 1371.

("C:\Users\alexandre.ripoteau\AppData\Local\Programs\MiKTeX 2.9\tex/latex/graph
ics\dvipsnam.def"
File: dvipsnam.def 2016/06/17 v3.0m Driver-dependent file (DPC,SPQR)
))
("C:\Users\alexandre.ripoteau\AppData\Local\Programs\MiKTeX 2.9\tex/latex/fancy
hdr\fancyhdr.sty"
Package: fancyhdr 2019/01/31 v3.10 Extensive control of page headers and footer
s
\f@nch@headwidth=\skip46
\f@nch@O@elh=\skip47
\f@nch@O@erh=\skip48
\f@nch@O@olh=\skip49
\f@nch@O@orh=\skip50
\f@nch@O@elf=\skip51
\f@nch@O@erf=\skip52
\f@nch@O@olf=\skip53
\f@nch@O@orf=\skip54
)
("C:\Users\alexandre.ripoteau\AppData\Local\Programs\MiKTeX 2.9\tex/latex/hyper
ref\hyperref.sty"
Package: hyperref 2018/11/30 v6.88e Hypertext links for LaTeX

("C:\Users\alexandre.ripoteau\AppData\Local\Programs\MiKTeX 2.9\tex/generic/obe
rdiek\hobsub-hyperref.sty"
Package: hobsub-hyperref 2016/05/16 v1.14 Bundle oberdiek, subset hyperref (HO)


("C:\Users\alexandre.ripoteau\AppData\Local\Programs\MiKTeX 2.9\tex/generic/obe
rdiek\hobsub-generic.sty"
Package: hobsub-generic 2016/05/16 v1.14 Bundle oberdiek, subset generic (HO)
Package: hobsub 2016/05/16 v1.14 Construct package bundles (HO)
Package: infwarerr 2016/05/16 v1.4 Providing info/warning/error messages (HO)
Package: ltxcmds 2016/05/16 v1.23 LaTeX kernel commands for general use (HO)
Package: ifluatex 2016/05/16 v1.4 Provides the ifluatex switch (HO)
Package ifluatex Info: LuaTeX not detected.
Package hobsub Info: Skipping package `ifvtex' (already loaded).
Package: intcalc 2016/05/16 v1.2 Expandable calculations with integers (HO)
Package hobsub Info: Skipping package `ifpdf' (already loaded).
Package: etexcmds 2016/05/16 v1.6 Avoid name clashes with e-TeX commands (HO)
Package: kvsetkeys 2016/05/16 v1.17 Key value parser (HO)
Package: kvdefinekeys 2016/05/16 v1.4 Define keys (HO)
Package: pdftexcmds 2018/09/10 v0.29 Utility functions of pdfTeX for LuaTeX (HO
)
Package pdftexcmds Info: LuaTeX not detected.
Package pdftexcmds Info: \pdf@primitive is available.
Package pdftexcmds Info: \pdf@ifprimitive is available.
Package pdftexcmds Info: \pdfdraftmode found.
Package: pdfescape 2016/05/16 v1.14 Implements pdfTeX's escape features (HO)
Package: bigintcalc 2016/05/16 v1.4 Expandable calculations on big integers (HO
)
Package: bitset 2016/05/16 v1.2 Handle bit-vector datatype (HO)
Package: uniquecounter 2016/05/16 v1.3 Provide unlimited unique counter (HO)
)
Package hobsub Info: Skipping package `hobsub' (already loaded).
Package: letltxmacro 2016/05/16 v1.5 Let assignment for LaTeX macros (HO)
Package: hopatch 2016/05/16 v1.3 Wrapper for package hooks (HO)
Package: xcolor-patch 2016/05/16 xcolor patch
Package: atveryend 2016/05/16 v1.9 Hooks at the very end of document (HO)
Package atveryend Info: \enddocument detected (standard20110627).
Package: atbegshi 2016/06/09 v1.18 At begin shipout hook (HO)
Package: refcount 2016/05/16 v3.5 Data extraction from label references (HO)
Package: hycolor 2016/05/16 v1.8 Color options for hyperref/bookmark (HO)
)
("C:\Users\alexandre.ripoteau\AppData\Local\Programs\MiKTeX 2.9\tex/latex/oberd
iek\auxhook.sty"
Package: auxhook 2016/05/16 v1.4 Hooks for auxiliary files (HO)
)
("C:\Users\alexandre.ripoteau\AppData\Local\Programs\MiKTeX 2.9\tex/latex/oberd
iek\kvoptions.sty"
Package: kvoptions 2016/05/16 v3.12 Key value format for package options (HO)
)
\@linkdim=\dimen124
\Hy@linkcounter=\count103
\Hy@pagecounter=\count104

("C:\Users\alexandre.ripoteau\AppData\Local\Programs\MiKTeX 2.9\tex/latex/hyper
ref\pd1enc.def"
File: pd1enc.def 2018/11/30 v6.88e Hyperref: PDFDocEncoding definition (HO)
Now handling font encoding PD1 ...
... no UTF-8 mapping file for font encoding PD1
)
\Hy@SavedSpaceFactor=\count105

("C:\Users\alexandre.ripoteau\AppData\Local\Programs\MiKTeX 2.9\tex/latex/00mik
tex\hyperref.cfg"
File: hyperref.cfg 2002/06/06 v1.2 hyperref configuration of TeXLive
)
Package hyperref Info: Hyper figures OFF on input line 4519.
Package hyperref Info: Link nesting OFF on input line 4524.
Package hyperref Info: Hyper index ON on input line 4527.
Package hyperref Info: Plain pages OFF on input line 4534.
Package hyperref Info: Backreferencing OFF on input line 4539.
Package hyperref Info: Implicit mode ON; LaTeX internals redefined.
Package hyperref Info: Bookmarks ON on input line 4772.
\c@Hy@tempcnt=\count106

("C:\Users\alexandre.ripoteau\AppData\Local\Programs\MiKTeX 2.9\tex/latex/url\u
rl.sty"
\Urlmuskip=\muskip10
Package: url 2013/09/16  ver 3.4  Verb mode for urls, etc.
)
LaTeX Info: Redefining \url on input line 5125.
\XeTeXLinkMargin=\dimen125
\Fld@menulength=\count107
\Field@Width=\dimen126
\Fld@charsize=\dimen127
Package hyperref Info: Hyper figures OFF on input line 6380.
Package hyperref Info: Link nesting OFF on input line 6385.
Package hyperref Info: Hyper index ON on input line 6388.
Package hyperref Info: backreferencing OFF on input line 6395.
Package hyperref Info: Link coloring OFF on input line 6400.
Package hyperref Info: Link coloring with OCG OFF on input line 6405.
Package hyperref Info: PDF/A mode OFF on input line 6410.
LaTeX Info: Redefining \ref on input line 6450.
LaTeX Info: Redefining \pageref on input line 6454.
\Hy@abspage=\count108
\c@Item=\count109
\c@Hfootnote=\count110
)
Package hyperref Info: Driver (autodetected): hpdftex.

("C:\Users\alexandre.ripoteau\AppData\Local\Programs\MiKTeX 2.9\tex/latex/hyper
ref\hpdftex.def"
File: hpdftex.def 2018/11/30 v6.88e Hyperref driver for pdfTeX
\Fld@listcount=\count111
\c@bookmark@seq@number=\count112

("C:\Users\alexandre.ripoteau\AppData\Local\Programs\MiKTeX 2.9\tex/latex/oberd
iek\rerunfilecheck.sty"
Package: rerunfilecheck 2016/05/16 v1.8 Rerun checks for auxiliary files (HO)
Package uniquecounter Info: New unique counter `rerunfilecheck' on input line 2
82.
)
\Hy@SectionHShift=\skip55
)
("C:\Users\alexandre.ripoteau\AppData\Local\Programs\MiKTeX 2.9\tex/latex/pdfpa
ges\pdfpages.sty"
Package: pdfpages 2017/10/31 v0.5l Insert pages of external PDF documents (AM)

("C:\Users\alexandre.ripoteau\AppData\Local\Programs\MiKTeX 2.9\tex/latex/base\
ifthen.sty"
Package: ifthen 2014/09/29 v1.1c Standard LaTeX ifthen package (DPC)
)
("C:\Users\alexandre.ripoteau\AppData\Local\Programs\MiKTeX 2.9\tex/latex/tools
\calc.sty"
Package: calc 2017/05/25 v4.3 Infix arithmetic (KKT,FJ)
\calc@Acount=\count113
\calc@Bcount=\count114
\calc@Adimen=\dimen128
\calc@Bdimen=\dimen129
\calc@Askip=\skip56
\calc@Bskip=\skip57
LaTeX Info: Redefining \setlength on input line 80.
LaTeX Info: Redefining \addtolength on input line 81.
\calc@Ccount=\count115
\calc@Cskip=\skip58
)
("C:\Users\alexandre.ripoteau\AppData\Local\Programs\MiKTeX 2.9\tex/latex/eso-p
ic\eso-pic.sty"
Package: eso-pic 2018/04/12 v2.0h eso-pic (RN)
)
\AM@pagewidth=\dimen130
\AM@pageheight=\dimen131

("C:\Users\alexandre.ripoteau\AppData\Local\Programs\MiKTeX 2.9\tex/latex/pdfpa
ges\pppdftex.def"
File: pppdftex.def 2017/10/31 v0.5l Pdfpages driver for pdfTeX (AM)
)
\AM@pagebox=\box29
\AM@global@opts=\toks22
\AM@toc@title=\toks23
\c@AM@survey=\count116
\AM@templatesizebox=\box30
)
("C:\Users\alexandre.ripoteau\AppData\Local\Programs\MiKTeX 2.9\tex/latex/tcolo
rbox\tcolorbox.sty"
Package: tcolorbox 2019/03/02 version 4.20 text color boxes

("C:\Users\alexandre.ripoteau\AppData\Local\Programs\MiKTeX 2.9\tex/latex/pgf/b
asiclayer\pgf.sty"
("C:\Users\alexandre.ripoteau\AppData\Local\Programs\MiKTeX 2.9\tex/latex/pgf/u
tilities\pgfrcs.sty"
("C:\Users\alexandre.ripoteau\AppData\Local\Programs\MiKTeX 2.9\tex/generic/pgf
/utilities\pgfutil-common.tex"
\pgfutil@everybye=\toks24
\pgfutil@tempdima=\dimen132
\pgfutil@tempdimb=\dimen133

("C:\Users\alexandre.ripoteau\AppData\Local\Programs\MiKTeX 2.9\tex/generic/pgf
/utilities\pgfutil-common-lists.tex"))
("C:\Users\alexandre.ripoteau\AppData\Local\Programs\MiKTeX 2.9\tex/generic/pgf
/utilities\pgfutil-latex.def"
\pgfutil@abb=\box31

("C:\Users\alexandre.ripoteau\AppData\Local\Programs\MiKTeX 2.9\tex/latex/ms\ev
eryshi.sty"
Package: everyshi 2001/05/15 v3.00 EveryShipout Package (MS)
))
("C:\Users\alexandre.ripoteau\AppData\Local\Programs\MiKTeX 2.9\tex/generic/pgf
/utilities\pgfrcs.code.tex"
("C:\Users\alexandre.ripoteau\AppData\Local\Programs\MiKTeX 2.9\tex/generic/pgf
\pgf.revision.tex")
Package: pgfrcs 2019/02/02 v3.1.1 (3.1.1)
))
Package: pgf 2019/02/02 v3.1.1 (3.1.1)

("C:\Users\alexandre.ripoteau\AppData\Local\Programs\MiKTeX 2.9\tex/latex/pgf/b
asiclayer\pgfcore.sty"
("C:\Users\alexandre.ripoteau\AppData\Local\Programs\MiKTeX 2.9\tex/latex/pgf/s
ystemlayer\pgfsys.sty"
("C:\Users\alexandre.ripoteau\AppData\Local\Programs\MiKTeX 2.9\tex/generic/pgf
/systemlayer\pgfsys.code.tex"
Package: pgfsys 2019/02/02 v3.1.1 (3.1.1)

("C:\Users\alexandre.ripoteau\AppData\Local\Programs\MiKTeX 2.9\tex/generic/pgf
/utilities\pgfkeys.code.tex"
\pgfkeys@pathtoks=\toks25
\pgfkeys@temptoks=\toks26

("C:\Users\alexandre.ripoteau\AppData\Local\Programs\MiKTeX 2.9\tex/generic/pgf
/utilities\pgfkeysfiltered.code.tex"
\pgfkeys@tmptoks=\toks27
))
\pgf@x=\dimen134
\pgf@y=\dimen135
\pgf@xa=\dimen136
\pgf@ya=\dimen137
\pgf@xb=\dimen138
\pgf@yb=\dimen139
\pgf@xc=\dimen140
\pgf@yc=\dimen141
\w@pgf@writea=\write3
\r@pgf@reada=\read1
\c@pgf@counta=\count117
\c@pgf@countb=\count118
\c@pgf@countc=\count119
\c@pgf@countd=\count120
\t@pgf@toka=\toks28
\t@pgf@tokb=\toks29
\t@pgf@tokc=\toks30
\pgf@sys@id@count=\count121

("C:\Users\alexandre.ripoteau\AppData\Local\Programs\MiKTeX 2.9\tex/generic/pgf
/systemlayer\pgf.cfg"
File: pgf.cfg 2019/02/02 v3.1.1 (3.1.1)
)
Driver file for pgf: pgfsys-pdftex.def

("C:\Users\alexandre.ripoteau\AppData\Local\Programs\MiKTeX 2.9\tex/generic/pgf
/systemlayer\pgfsys-pdftex.def"
File: pgfsys-pdftex.def 2019/02/02 v3.1.1 (3.1.1)

("C:\Users\alexandre.ripoteau\AppData\Local\Programs\MiKTeX 2.9\tex/generic/pgf
/systemlayer\pgfsys-common-pdf.def"
File: pgfsys-common-pdf.def 2019/02/02 v3.1.1 (3.1.1)
)))
("C:\Users\alexandre.ripoteau\AppData\Local\Programs\MiKTeX 2.9\tex/generic/pgf
/systemlayer\pgfsyssoftpath.code.tex"
File: pgfsyssoftpath.code.tex 2019/02/02 v3.1.1 (3.1.1)
\pgfsyssoftpath@smallbuffer@items=\count122
\pgfsyssoftpath@bigbuffer@items=\count123
)
("C:\Users\alexandre.ripoteau\AppData\Local\Programs\MiKTeX 2.9\tex/generic/pgf
/systemlayer\pgfsysprotocol.code.tex"
File: pgfsysprotocol.code.tex 2019/02/02 v3.1.1 (3.1.1)
))
("C:\Users\alexandre.ripoteau\AppData\Local\Programs\MiKTeX 2.9\tex/generic/pgf
/basiclayer\pgfcore.code.tex"
Package: pgfcore 2019/02/02 v3.1.1 (3.1.1)

("C:\Users\alexandre.ripoteau\AppData\Local\Programs\MiKTeX 2.9\tex/generic/pgf
/math\pgfmath.code.tex"
("C:\Users\alexandre.ripoteau\AppData\Local\Programs\MiKTeX 2.9\tex/generic/pgf
/math\pgfmathcalc.code.tex"
("C:\Users\alexandre.ripoteau\AppData\Local\Programs\MiKTeX 2.9\tex/generic/pgf
/math\pgfmathutil.code.tex")
("C:\Users\alexandre.ripoteau\AppData\Local\Programs\MiKTeX 2.9\tex/generic/pgf
/math\pgfmathparser.code.tex"
\pgfmath@dimen=\dimen142
\pgfmath@count=\count124
\pgfmath@box=\box32
\pgfmath@toks=\toks31
\pgfmath@stack@operand=\toks32
\pgfmath@stack@operation=\toks33
)
("C:\Users\alexandre.ripoteau\AppData\Local\Programs\MiKTeX 2.9\tex/generic/pgf
/math\pgfmathfunctions.code.tex"
("C:\Users\alexandre.ripoteau\AppData\Local\Programs\MiKTeX 2.9\tex/generic/pgf
/math\pgfmathfunctions.basic.code.tex")
("C:\Users\alexandre.ripoteau\AppData\Local\Programs\MiKTeX 2.9\tex/generic/pgf
/math\pgfmathfunctions.trigonometric.code.tex")
("C:\Users\alexandre.ripoteau\AppData\Local\Programs\MiKTeX 2.9\tex/generic/pgf
/math\pgfmathfunctions.random.code.tex")
("C:\Users\alexandre.ripoteau\AppData\Local\Programs\MiKTeX 2.9\tex/generic/pgf
/math\pgfmathfunctions.comparison.code.tex")
("C:\Users\alexandre.ripoteau\AppData\Local\Programs\MiKTeX 2.9\tex/generic/pgf
/math\pgfmathfunctions.base.code.tex")
("C:\Users\alexandre.ripoteau\AppData\Local\Programs\MiKTeX 2.9\tex/generic/pgf
/math\pgfmathfunctions.round.code.tex")
("C:\Users\alexandre.ripoteau\AppData\Local\Programs\MiKTeX 2.9\tex/generic/pgf
/math\pgfmathfunctions.misc.code.tex")
("C:\Users\alexandre.ripoteau\AppData\Local\Programs\MiKTeX 2.9\tex/generic/pgf
/math\pgfmathfunctions.integerarithmetics.code.tex")))
("C:\Users\alexandre.ripoteau\AppData\Local\Programs\MiKTeX 2.9\tex/generic/pgf
/math\pgfmathfloat.code.tex"
\c@pgfmathroundto@lastzeros=\count125
))
("C:\Users\alexandre.ripoteau\AppData\Local\Programs\MiKTeX 2.9\tex/generic/pgf
/basiclayer\pgfcorepoints.code.tex"
File: pgfcorepoints.code.tex 2019/02/02 v3.1.1 (3.1.1)
\pgf@picminx=\dimen143
\pgf@picmaxx=\dimen144
\pgf@picminy=\dimen145
\pgf@picmaxy=\dimen146
\pgf@pathminx=\dimen147
\pgf@pathmaxx=\dimen148
\pgf@pathminy=\dimen149
\pgf@pathmaxy=\dimen150
\pgf@xx=\dimen151
\pgf@xy=\dimen152
\pgf@yx=\dimen153
\pgf@yy=\dimen154
\pgf@zx=\dimen155
\pgf@zy=\dimen156
)
("C:\Users\alexandre.ripoteau\AppData\Local\Programs\MiKTeX 2.9\tex/generic/pgf
/basiclayer\pgfcorepathconstruct.code.tex"
File: pgfcorepathconstruct.code.tex 2019/02/02 v3.1.1 (3.1.1)
\pgf@path@lastx=\dimen157
\pgf@path@lasty=\dimen158
)
("C:\Users\alexandre.ripoteau\AppData\Local\Programs\MiKTeX 2.9\tex/generic/pgf
/basiclayer\pgfcorepathusage.code.tex"
File: pgfcorepathusage.code.tex 2019/02/02 v3.1.1 (3.1.1)
\pgf@shorten@end@additional=\dimen159
\pgf@shorten@start@additional=\dimen160
)
("C:\Users\alexandre.ripoteau\AppData\Local\Programs\MiKTeX 2.9\tex/generic/pgf
/basiclayer\pgfcorescopes.code.tex"
File: pgfcorescopes.code.tex 2019/02/02 v3.1.1 (3.1.1)
\pgfpic=\box33
\pgf@hbox=\box34
\pgf@layerbox@main=\box35
\pgf@picture@serial@count=\count126
)
("C:\Users\alexandre.ripoteau\AppData\Local\Programs\MiKTeX 2.9\tex/generic/pgf
/basiclayer\pgfcoregraphicstate.code.tex"
File: pgfcoregraphicstate.code.tex 2019/02/02 v3.1.1 (3.1.1)
\pgflinewidth=\dimen161
)
("C:\Users\alexandre.ripoteau\AppData\Local\Programs\MiKTeX 2.9\tex/generic/pgf
/basiclayer\pgfcoretransformations.code.tex"
File: pgfcoretransformations.code.tex 2019/02/02 v3.1.1 (3.1.1)
\pgf@pt@x=\dimen162
\pgf@pt@y=\dimen163
\pgf@pt@temp=\dimen164
)
("C:\Users\alexandre.ripoteau\AppData\Local\Programs\MiKTeX 2.9\tex/generic/pgf
/basiclayer\pgfcorequick.code.tex"
File: pgfcorequick.code.tex 2019/02/02 v3.1.1 (3.1.1)
)
("C:\Users\alexandre.ripoteau\AppData\Local\Programs\MiKTeX 2.9\tex/generic/pgf
/basiclayer\pgfcoreobjects.code.tex"
File: pgfcoreobjects.code.tex 2019/02/02 v3.1.1 (3.1.1)
)
("C:\Users\alexandre.ripoteau\AppData\Local\Programs\MiKTeX 2.9\tex/generic/pgf
/basiclayer\pgfcorepathprocessing.code.tex"
File: pgfcorepathprocessing.code.tex 2019/02/02 v3.1.1 (3.1.1)
)
("C:\Users\alexandre.ripoteau\AppData\Local\Programs\MiKTeX 2.9\tex/generic/pgf
/basiclayer\pgfcorearrows.code.tex"
File: pgfcorearrows.code.tex 2019/02/02 v3.1.1 (3.1.1)
\pgfarrowsep=\dimen165
)
("C:\Users\alexandre.ripoteau\AppData\Local\Programs\MiKTeX 2.9\tex/generic/pgf
/basiclayer\pgfcoreshade.code.tex"
File: pgfcoreshade.code.tex 2019/02/02 v3.1.1 (3.1.1)
\pgf@max=\dimen166
\pgf@sys@shading@range@num=\count127
)
("C:\Users\alexandre.ripoteau\AppData\Local\Programs\MiKTeX 2.9\tex/generic/pgf
/basiclayer\pgfcoreimage.code.tex"
File: pgfcoreimage.code.tex 2019/02/02 v3.1.1 (3.1.1)

("C:\Users\alexandre.ripoteau\AppData\Local\Programs\MiKTeX 2.9\tex/generic/pgf
/basiclayer\pgfcoreexternal.code.tex"
File: pgfcoreexternal.code.tex 2019/02/02 v3.1.1 (3.1.1)
\pgfexternal@startupbox=\box36
))
("C:\Users\alexandre.ripoteau\AppData\Local\Programs\MiKTeX 2.9\tex/generic/pgf
/basiclayer\pgfcorelayers.code.tex"
File: pgfcorelayers.code.tex 2019/02/02 v3.1.1 (3.1.1)
)
("C:\Users\alexandre.ripoteau\AppData\Local\Programs\MiKTeX 2.9\tex/generic/pgf
/basiclayer\pgfcoretransparency.code.tex"
File: pgfcoretransparency.code.tex 2019/02/02 v3.1.1 (3.1.1)
)
("C:\Users\alexandre.ripoteau\AppData\Local\Programs\MiKTeX 2.9\tex/generic/pgf
/basiclayer\pgfcorepatterns.code.tex"
File: pgfcorepatterns.code.tex 2019/02/02 v3.1.1 (3.1.1)
)
("C:\Users\alexandre.ripoteau\AppData\Local\Programs\MiKTeX 2.9\tex/generic/pgf
/basiclayer\pgfcorerdf.code.tex"
File: pgfcorerdf.code.tex 2019/02/02 v3.1.1 (3.1.1)
)))
("C:\Users\alexandre.ripoteau\AppData\Local\Programs\MiKTeX 2.9\tex/generic/pgf
/modules\pgfmoduleshapes.code.tex"
File: pgfmoduleshapes.code.tex 2019/02/02 v3.1.1 (3.1.1)
\pgfnodeparttextbox=\box37
)
("C:\Users\alexandre.ripoteau\AppData\Local\Programs\MiKTeX 2.9\tex/generic/pgf
/modules\pgfmoduleplot.code.tex"
File: pgfmoduleplot.code.tex 2019/02/02 v3.1.1 (3.1.1)
)
("C:\Users\alexandre.ripoteau\AppData\Local\Programs\MiKTeX 2.9\tex/latex/pgf/c
ompatibility\pgfcomp-version-0-65.sty"
Package: pgfcomp-version-0-65 2019/02/02 v3.1.1 (3.1.1)
\pgf@nodesepstart=\dimen167
\pgf@nodesepend=\dimen168
)
("C:\Users\alexandre.ripoteau\AppData\Local\Programs\MiKTeX 2.9\tex/latex/pgf/c
ompatibility\pgfcomp-version-1-18.sty"
Package: pgfcomp-version-1-18 2019/02/02 v3.1.1 (3.1.1)
))
("C:\Users\alexandre.ripoteau\AppData\Local\Programs\MiKTeX 2.9\tex/latex/tools
\verbatim.sty"
Package: verbatim 2014/10/28 v1.5q LaTeX2e package for verbatim enhancements
\every@verbatim=\toks34
\verbatim@line=\toks35
\verbatim@in@stream=\read2
)
("C:\Users\alexandre.ripoteau\AppData\Local\Programs\MiKTeX 2.9\tex/latex/envir
on\environ.sty"
Package: environ 2014/05/04 v0.3 A new way to define environments

("C:\Users\alexandre.ripoteau\AppData\Local\Programs\MiKTeX 2.9\tex/latex/trims
paces\trimspaces.sty"
Package: trimspaces 2009/09/17 v1.1 Trim spaces around a token list
)
\@envbody=\toks36
)
("C:\Users\alexandre.ripoteau\AppData\Local\Programs\MiKTeX 2.9\tex/latex/etool
box\etoolbox.sty"
Package: etoolbox 2018/08/19 v2.5f e-TeX tools for LaTeX (JAW)
\etb@tempcnta=\count128
)
\tcb@titlebox=\box38
\tcb@upperbox=\box39
\tcb@lowerbox=\box40
\tcb@phantombox=\box41
\c@tcbbreakpart=\count129
\c@tcblayer=\count130
\tcolorbox@number=\count131
\tcb@temp=\box42
\tcb@temp=\box43
\tcb@temp=\box44
\tcb@temp=\box45
\tcb@out=\write4
\tcb@record@out=\write5

("C:\Users\alexandre.ripoteau\AppData\Local\Programs\MiKTeX 2.9\tex/latex/tcolo
rbox\tcbminted.code.tex"
Library (tcolorbox): 'tcbminted.code.tex' version '4.20'

("C:\Users\alexandre.ripoteau\AppData\Local\Programs\MiKTeX 2.9\tex/latex/minte
d\minted.sty"
Package: minted 2017/07/19 v2.5 Yet another Pygments shim for LaTeX

("C:\Users\alexandre.ripoteau\AppData\Local\Programs\MiKTeX 2.9\tex/latex/fvext
ra\fvextra.sty"
Package: fvextra 2019/02/04 v1.4 fvextra - extensions and patches for fancyvrb

("C:\Users\alexandre.ripoteau\AppData\Local\Programs\MiKTeX 2.9\tex/latex/fancy
vrb\fancyvrb.sty"
Package: fancyvrb 2019/01/15
 Style option: `fancyvrb' v3.2a <2019/01/15> (tvz)
\FV@CodeLineNo=\count132
\FV@InFile=\read3
\FV@TabBox=\box46
\c@FancyVerbLine=\count133
\FV@StepNumber=\count134
\FV@OutFile=\write6
)
("C:\Users\alexandre.ripoteau\AppData\Local\Programs\MiKTeX 2.9\tex/latex/upquo
te\upquote.sty"
Package: upquote 2012/04/19 v1.3 upright-quote and grave-accent glyphs in verba
tim
)
("C:\Users\alexandre.ripoteau\AppData\Local\Programs\MiKTeX 2.9\tex/latex/linen
o\lineno.sty"
Package: lineno 2005/11/02 line numbers on paragraphs v4.41
\linenopenalty=\count135
\output=\toks37
\linenoprevgraf=\count136
\linenumbersep=\dimen169
\linenumberwidth=\dimen170
\c@linenumber=\count137
\c@pagewiselinenumber=\count138
\c@LN@truepage=\count139
\c@internallinenumber=\count140
\c@internallinenumbers=\count141
\quotelinenumbersep=\dimen171
\bframerule=\dimen172
\bframesep=\dimen173
\bframebox=\box47
LaTeX Info: Redefining \\ on input line 3056.
)
\c@FV@TrueTabGroupLevel=\count142
\c@FV@TrueTabCounter=\count143
\FV@TabBox@Group=\box48
\FV@TmpLength=\skip59
\c@FV@HighlightLinesStart=\count144
\c@FV@HighlightLinesStop=\count145
\FV@LoopCount=\count146
\FV@NCharsBox=\box49
\FV@BreakIndent=\dimen174
\FV@BreakIndentNChars=\count147
\FV@BreakSymbolSepLeft=\dimen175
\FV@BreakSymbolSepLeftNChars=\count148
\FV@BreakSymbolSepRight=\dimen176
\FV@BreakSymbolSepRightNChars=\count149
\FV@BreakSymbolIndentLeft=\dimen177
\FV@BreakSymbolIndentLeftNChars=\count150
\FV@BreakSymbolIndentRight=\dimen178
\FV@BreakSymbolIndentRightNChars=\count151
\c@FancyVerbLineBreakLast=\count152
\FV@LineBox=\box50
\FV@LineIndentBox=\box51
\FV@LineWidth=\dimen179
)
("C:\Users\alexandre.ripoteau\AppData\Local\Programs\MiKTeX 2.9\tex/latex/tools
\shellesc.sty"
Package: shellesc 2016/06/07 v0.02a unified shell escape interface for LaTeX
Package shellesc Info: Unrestricted shell escape enabled on input line 67.
)
("C:\Users\alexandre.ripoteau\AppData\Local\Programs\MiKTeX 2.9\tex/latex/ifpla
tform\ifplatform.sty"
Package: ifplatform 2017/10/13 v0.4a Testing for the operating system

("C:\Users\alexandre.ripoteau\AppData\Local\Programs\MiKTeX 2.9\tex/generic/obe
rdiek\catchfile.sty"
Package: catchfile 2016/05/16 v1.7 Catch the contents of a file (HO)
))
("C:\Users\alexandre.ripoteau\AppData\Local\Programs\MiKTeX 2.9\tex/latex/xstri
ng\xstring.sty"
("C:\Users\alexandre.ripoteau\AppData\Local\Programs\MiKTeX 2.9\tex/generic/xst
ring\xstring.tex"
\integerpart=\count153
\decimalpart=\count154
)
Package: xstring 2019/02/06 v1.83 String manipulations (CT)
)
("C:\Users\alexandre.ripoteau\AppData\Local\Programs\MiKTeX 2.9\tex/latex/frame
d\framed.sty"
Package: framed 2011/10/22 v 0.96: framed or shaded text with page breaks
\OuterFrameSep=\skip60
\fb@frw=\dimen180
\fb@frh=\dimen181
\FrameRule=\dimen182
\FrameSep=\dimen183
)
("C:\Users\alexandre.ripoteau\AppData\Local\Programs\MiKTeX 2.9\tex/latex/float
\float.sty"
Package: float 2001/11/08 v1.3d Float enhancements (AL)
\c@float@type=\count155
\float@exts=\toks38
\float@box=\box52
\@float@everytoks=\toks39
\@floatcapt=\box53
)
\minted@appexistsfile=\read4
\minted@bgbox=\box54
\minted@code=\write7
\c@minted@FancyVerbLineTemp=\count156
\c@minted@pygmentizecounter=\count157
\@float@every@listing=\toks40
\c@listing=\count158
)
runsystem(if not exist _minted-test mkdir _minted-test)...executed.


("C:\Users\alexandre.ripoteau\AppData\Local\Programs\MiKTeX 2.9\tex/latex/tcolo
rbox\tcblistingscore.code.tex"
Library (tcolorbox): 'tcblistingscore.code.tex' version '4.20'

("C:\Users\alexandre.ripoteau\AppData\Local\Programs\MiKTeX 2.9\tex/latex/tcolo
rbox\tcbprocessing.code.tex"
Library (tcolorbox): 'tcbprocessing.code.tex' version '4.20'
)
\c@tcblisting=\count159
))
("C:\Users\alexandre.ripoteau\AppData\Local\Programs\MiKTeX 2.9\tex/latex/tcolo
rbox\tcblistings.code.tex"
Library (tcolorbox): 'tcblistings.code.tex' version '4.20'

("C:\Users\alexandre.ripoteau\AppData\Local\Programs\MiKTeX 2.9\tex/latex/listi
ngs\listings.sty"
\lst@mode=\count160
\lst@gtempboxa=\box55
\lst@token=\toks41
\lst@length=\count161
\lst@currlwidth=\dimen184
\lst@column=\count162
\lst@pos=\count163
\lst@lostspace=\dimen185
\lst@width=\dimen186
\lst@newlines=\count164
\lst@lineno=\count165
\lst@maxwidth=\dimen187

("C:\Users\alexandre.ripoteau\AppData\Local\Programs\MiKTeX 2.9\tex/latex/listi
ngs\lstmisc.sty"
File: lstmisc.sty 2019/02/27 1.8b (Carsten Heinz)
\c@lstnumber=\count166
\lst@skipnumbers=\count167
\lst@framebox=\box56
)
("C:\Users\alexandre.ripoteau\AppData\Local\Programs\MiKTeX 2.9\tex/latex/listi
ngs\listings.cfg"
File: listings.cfg 2019/02/27 1.8b listings configuration
))
Package: listings 2019/02/27 1.8b (Carsten Heinz)
)
("C:\Users\alexandre.ripoteau\AppData\Local\Programs\MiKTeX 2.9\tex/latex/tcolo
rbox\tcbxparse.code.tex"
Library (tcolorbox): 'tcbxparse.code.tex' version '4.20'

("C:\Users\alexandre.ripoteau\AppData\Local\Programs\MiKTeX 2.9\tex/latex/l3pac
kages/xparse\xparse.sty"
("C:\Users\alexandre.ripoteau\AppData\Local\Programs\MiKTeX 2.9\tex/latex/l3ker
nel\expl3.sty"
Package: expl3 2019-03-05 L3 programming layer (loader) 

("C:\Users\alexandre.ripoteau\AppData\Local\Programs\MiKTeX 2.9\tex/latex/l3ker
nel\expl3-code.tex"
Package: expl3 2019-03-05 L3 programming layer (code)
\c_max_int=\count168
\l_tmpa_int=\count169
\l_tmpb_int=\count170
\g_tmpa_int=\count171
\g_tmpb_int=\count172
\g__kernel_prg_map_int=\count173
\c_log_iow=\count174
\l_iow_line_count_int=\count175
\l__iow_line_target_int=\count176
\l__iow_one_indent_int=\count177
\l__iow_indent_int=\count178
\c_zero_dim=\dimen188
\c_max_dim=\dimen189
\l_tmpa_dim=\dimen190
\l_tmpb_dim=\dimen191
\g_tmpa_dim=\dimen192
\g_tmpb_dim=\dimen193
\c_zero_skip=\skip61
\c_max_skip=\skip62
\l_tmpa_skip=\skip63
\l_tmpb_skip=\skip64
\g_tmpa_skip=\skip65
\g_tmpb_skip=\skip66
\c_zero_muskip=\muskip11
\c_max_muskip=\muskip12
\l_tmpa_muskip=\muskip13
\l_tmpb_muskip=\muskip14
\g_tmpa_muskip=\muskip15
\g_tmpb_muskip=\muskip16
\l_keys_choice_int=\count179
\l__intarray_loop_int=\count180
\c__intarray_sp_dim=\dimen194
\g__intarray_font_int=\count181
\c__fp_leading_shift_int=\count182
\c__fp_middle_shift_int=\count183
\c__fp_trailing_shift_int=\count184
\c__fp_big_leading_shift_int=\count185
\c__fp_big_middle_shift_int=\count186
\c__fp_big_trailing_shift_int=\count187
\c__fp_Bigg_leading_shift_int=\count188
\c__fp_Bigg_middle_shift_int=\count189
\c__fp_Bigg_trailing_shift_int=\count190
\c__kernel_randint_max_int=\count191
\g__fp_array_int=\count192
\l__fp_array_loop_int=\count193
\l__sort_length_int=\count194
\l__sort_min_int=\count195
\l__sort_top_int=\count196
\l__sort_max_int=\count197
\l__sort_true_max_int=\count198
\l__sort_block_int=\count199
\l__sort_begin_int=\count266
\l__sort_end_int=\count267
\l__sort_A_int=\count268
\l__sort_B_int=\count269
\l__sort_C_int=\count270
\l__tl_analysis_normal_int=\count271
\l__tl_analysis_index_int=\count272
\l__tl_analysis_nesting_int=\count273
\l__tl_analysis_type_int=\count274
\l__regex_internal_a_int=\count275
\l__regex_internal_b_int=\count276
\l__regex_internal_c_int=\count277
\l__regex_balance_int=\count278
\l__regex_group_level_int=\count279
\l__regex_mode_int=\count280
\c__regex_cs_in_class_mode_int=\count281
\c__regex_cs_mode_int=\count282
\l__regex_catcodes_int=\count283
\l__regex_default_catcodes_int=\count284
\c__regex_catcode_D_int=\count285
\c__regex_catcode_S_int=\count286
\c__regex_catcode_L_int=\count287
\c__regex_catcode_O_int=\count288
\c__regex_catcode_A_int=\count289
\c__regex_all_catcodes_int=\count290
\l__regex_show_lines_int=\count291
\l__regex_min_state_int=\count292
\l__regex_max_state_int=\count293
\l__regex_left_state_int=\count294
\l__regex_right_state_int=\count295
\l__regex_capturing_group_int=\count296
\l__regex_min_pos_int=\count297
\l__regex_max_pos_int=\count298
\l__regex_curr_pos_int=\count299
\l__regex_start_pos_int=\count300
\l__regex_success_pos_int=\count301
\l__regex_curr_char_int=\count302
\l__regex_curr_catcode_int=\count303
\l__regex_last_char_int=\count304
\l__regex_case_changed_char_int=\count305
\l__regex_curr_state_int=\count306
\l__regex_step_int=\count307
\l__regex_min_active_int=\count308
\l__regex_max_active_int=\count309
\l__regex_replacement_csnames_int=\count310
\l__regex_match_count_int=\count311
\l__regex_min_submatch_int=\count312
\l__regex_submatch_int=\count313
\l__regex_zeroth_submatch_int=\count314
\g__regex_trace_regex_int=\count315
\c_empty_box=\box57
\l_tmpa_box=\box58
\l_tmpb_box=\box59
\g_tmpa_box=\box60
\g_tmpb_box=\box61
\l__box_top_dim=\dimen195
\l__box_bottom_dim=\dimen196
\l__box_left_dim=\dimen197
\l__box_right_dim=\dimen198
\l__box_top_new_dim=\dimen199
\l__box_bottom_new_dim=\dimen256
\l__box_left_new_dim=\dimen257
\l__box_right_new_dim=\dimen258
\l__box_internal_box=\box62
\l__coffin_internal_box=\box63
\l__coffin_internal_dim=\dimen259
\l__coffin_offset_x_dim=\dimen260
\l__coffin_offset_y_dim=\dimen261
\l__coffin_x_dim=\dimen262
\l__coffin_y_dim=\dimen263
\l__coffin_x_prime_dim=\dimen264
\l__coffin_y_prime_dim=\dimen265
\c_empty_coffin=\box64
\l__coffin_aligned_coffin=\box65
\l__coffin_aligned_internal_coffin=\box66
\l_tmpa_coffin=\box67
\l_tmpb_coffin=\box68
\g_tmpa_coffin=\box69
\g_tmpb_coffin=\box70
\l__coffin_bounding_shift_dim=\dimen266
\l__coffin_left_corner_dim=\dimen267
\l__coffin_right_corner_dim=\dimen268
\l__coffin_bottom_corner_dim=\dimen269
\l__coffin_top_corner_dim=\dimen270
\l__coffin_scaled_total_height_dim=\dimen271
\l__coffin_scaled_width_dim=\dimen272
\c__coffin_empty_coffin=\box71
\l__coffin_display_coffin=\box72
\l__coffin_display_coord_coffin=\box73
\l__coffin_display_pole_coffin=\box74
\l__coffin_display_offset_dim=\dimen273
\l__coffin_display_x_dim=\dimen274
\l__coffin_display_y_dim=\dimen275
\g__file_internal_ior=\read5
\l__seq_internal_a_int=\count316
\l__seq_internal_b_int=\count317
\c__deprecation_minus_one=\count318
)
("C:\Users\alexandre.ripoteau\AppData\Local\Programs\MiKTeX 2.9\tex/latex/l3ker
nel\l3pdfmode.def"
File: l3pdfmode.def 2019-03-05 v L3 Experimental driver: PDF mode
\l__driver_color_stack_int=\count319
))
Package: xparse 2019-03-05 L3 Experimental document command parser
\l__xparse_current_arg_int=\count320
\g__xparse_grabber_int=\count321
\l__xparse_m_args_int=\count322
\l__xparse_v_nesting_int=\count323
)))
("C:\Users\alexandre.ripoteau\AppData\Local\Programs\MiKTeX 2.9\tex/latex/tools
\afterpage.sty"
Package: afterpage 2014/10/28 v1.08 After-Page Package (DPC)
\AP@output=\toks42
\AP@partial=\box75
\AP@footins=\box76
)
("C:\Users\alexandre.ripoteau\AppData\Local\Programs\MiKTeX 2.9\tex/latex/oberd
iek\pdflscape.sty"
Package: pdflscape 2016/05/14 v0.11 Display of landscape pages in PDF (HO)

("C:\Users\alexandre.ripoteau\AppData\Local\Programs\MiKTeX 2.9\tex/latex/graph
ics\lscape.sty"
Package: lscape 2000/10/22 v3.01 Landscape Pages (DPC)
)
Package pdflscape Info: Auto-detected driver: pdftex on input line 81.
)
("C:\Users\alexandre.ripoteau\AppData\Local\Programs\MiKTeX 2.9\tex/latex/base\
makeidx.sty"
Package: makeidx 2014/09/29 v1.0m Standard LaTeX package
)
("C:\Users\alexandre.ripoteau\AppData\Local\Programs\MiKTeX 2.9\tex/latex/datet
ime\datetime.sty"
Package: datetime 2015/03/20 v2.60 Date Time Package

("C:\Users\alexandre.ripoteau\AppData\Local\Programs\MiKTeX 2.9\tex/latex/fmtco
unt\fmtcount.sty"
Package: fmtcount 2017/12/24 v3.05

("C:\Users\alexandre.ripoteau\AppData\Local\Programs\MiKTeX 2.9\tex/latex/xkeyv
al\xkeyval.sty"
Package: xkeyval 2014/12/03 v2.7a package option processing (HA)

("C:\Users\alexandre.ripoteau\AppData\Local\Programs\MiKTeX 2.9\tex/generic/xke
yval\xkeyval.tex"
("C:\Users\alexandre.ripoteau\AppData\Local\Programs\MiKTeX 2.9\tex/generic/xke
yval\xkvutils.tex"
\XKV@toks=\toks43
\XKV@tempa@toks=\toks44
)
\XKV@depth=\count324
File: xkeyval.tex 2014/12/03 v2.7a key=value parser (HA)
))
("C:\Users\alexandre.ripoteau\AppData\Local\Programs\MiKTeX 2.9\tex/latex/fmtco
unt\fcprefix.sty"
Package: fcprefix 2012/09/28

("C:\Users\alexandre.ripoteau\AppData\Local\Programs\MiKTeX 2.9\tex/latex/fmtco
unt\fcnumparser.sty"
Package: fcnumparser 2017/06/15
\fc@digit@counter=\count325
))
("C:\Users\alexandre.ripoteau\AppData\Local\Programs\MiKTeX 2.9\tex/latex/amsma
th\amsgen.sty"
File: amsgen.sty 1999/11/30 v2.0 generic functions
\@emptytoks=\toks45
\ex@=\dimen276
)
\c@padzeroesN=\count326
\fc@tmpcatcode=\count327

("C:\Users\alexandre.ripoteau\AppData\Local\Programs\MiKTeX 2.9\tex/latex/fmtco
unt\fc-french.def"
File: fc-french.def 2017/06/15
)
\@DT@modctr=\count328
\@ordinalctr=\count329
\@orgargctr=\count330
\@strctr=\count331
\@tmpstrctr=\count332
\@DT@loopN=\count333
\@DT@X=\count334
)
("C:\Users\alexandre.ripoteau\AppData\Local\Programs\MiKTeX 2.9\tex/latex/datet
ime\datetime-defaults.sty"
Package: datetime-defaults 2013/09/10
)
\@day=\count335
\@month=\count336
\@year=\count337
\c@HOUR=\count338
\c@HOURXII=\count339
\c@MINUTE=\count340
\c@TOHOUR=\count341
\c@TOMINUTE=\count342
\c@SECOND=\count343
\currenthour=\count344
\currentminute=\count345
\currentsecond=\count346
Package datetime Info: No datetime.cfg file found, using default settings on in
put line 308.
\@dtctr=\count347
\dayofyear=\count348
\dayofweek=\count349
LaTeX Info: Redefining \today on input line 736.

("C:\Users\alexandre.ripoteau\AppData\Local\Programs\MiKTeX 2.9\tex/latex/datet
ime\dt-french.def"
File: dt-french.def 2013/09/10
LaTeX Info: Redefining \datefrench on input line 91.
)
\dt@a=\toks46
\dt@b=\toks47
)
("C:\Users\alexandre.ripoteau\AppData\Local\Programs\MiKTeX 2.9\tex/latex/margi
nnote\marginnote.sty"
Package: marginnote 2018/08/09 v1.4b non floating margin notes for LaTeX
\c@mn@abspage=\count350
)
("C:\Users\alexandre.ripoteau\AppData\Local\Programs\MiKTeX 2.9\tex/latex/multi
row\multirow.sty"
Package: multirow 2019/01/01 v2.4 Span multiple rows of a table
\multirow@colwidth=\skip67
\multirow@cntb=\count351
\multirow@dima=\skip68
\bigstrutjot=\dimen277
)
("C:\Users\alexandre.ripoteau\AppData\Local\Programs\MiKTeX 2.9\tex/latex/pgf/f
rontendlayer\tikz.sty"
("C:\Users\alexandre.ripoteau\AppData\Local\Programs\MiKTeX 2.9\tex/latex/pgf/u
tilities\pgffor.sty"
("C:\Users\alexandre.ripoteau\AppData\Local\Programs\MiKTeX 2.9\tex/latex/pgf/u
tilities\pgfkeys.sty"
("C:\Users\alexandre.ripoteau\AppData\Local\Programs\MiKTeX 2.9\tex/generic/pgf
/utilities\pgfkeys.code.tex"))
("C:\Users\alexandre.ripoteau\AppData\Local\Programs\MiKTeX 2.9\tex/latex/pgf/m
ath\pgfmath.sty"
("C:\Users\alexandre.ripoteau\AppData\Local\Programs\MiKTeX 2.9\tex/generic/pgf
/math\pgfmath.code.tex"))
("C:\Users\alexandre.ripoteau\AppData\Local\Programs\MiKTeX 2.9\tex/generic/pgf
/utilities\pgffor.code.tex"
Package: pgffor 2019/02/02 v3.1.1 (3.1.1)

("C:\Users\alexandre.ripoteau\AppData\Local\Programs\MiKTeX 2.9\tex/generic/pgf
/math\pgfmath.code.tex")
\pgffor@iter=\dimen278
\pgffor@skip=\dimen279
\pgffor@stack=\toks48
\pgffor@toks=\toks49
))
("C:\Users\alexandre.ripoteau\AppData\Local\Programs\MiKTeX 2.9\tex/generic/pgf
/frontendlayer/tikz\tikz.code.tex"
Package: tikz 2019/02/02 v3.1.1 (3.1.1)

("C:\Users\alexandre.ripoteau\AppData\Local\Programs\MiKTeX 2.9\tex/generic/pgf
/libraries\pgflibraryplothandlers.code.tex"
File: pgflibraryplothandlers.code.tex 2019/02/02 v3.1.1 (3.1.1)
\pgf@plot@mark@count=\count352
\pgfplotmarksize=\dimen280
)
\tikz@lastx=\dimen281
\tikz@lasty=\dimen282
\tikz@lastxsaved=\dimen283
\tikz@lastysaved=\dimen284
\tikzleveldistance=\dimen285
\tikzsiblingdistance=\dimen286
\tikz@figbox=\box77
\tikz@figbox@bg=\box78
\tikz@tempbox=\box79
\tikz@tempbox@bg=\box80
\tikztreelevel=\count353
\tikznumberofchildren=\count354
\tikznumberofcurrentchild=\count355
\tikz@fig@count=\count356

("C:\Users\alexandre.ripoteau\AppData\Local\Programs\MiKTeX 2.9\tex/generic/pgf
/modules\pgfmodulematrix.code.tex"
File: pgfmodulematrix.code.tex 2019/02/02 v3.1.1 (3.1.1)
\pgfmatrixcurrentrow=\count357
\pgfmatrixcurrentcolumn=\count358
\pgf@matrix@numberofcolumns=\count359
)
\tikz@expandcount=\count360

("C:\Users\alexandre.ripoteau\AppData\Local\Programs\MiKTeX 2.9\tex/generic/pgf
/frontendlayer/tikz/libraries\tikzlibrarytopaths.code.tex"
File: tikzlibrarytopaths.code.tex 2019/02/02 v3.1.1 (3.1.1)
)))
("C:\Users\alexandre.ripoteau\AppData\Local\Programs\MiKTeX 2.9\tex/generic/pgf
/frontendlayer/tikz/libraries\tikzlibrarymindmap.code.tex"
File: tikzlibrarymindmap.code.tex 2019/02/02 v3.1.1 (3.1.1)

("C:\Users\alexandre.ripoteau\AppData\Local\Programs\MiKTeX 2.9\tex/generic/pgf
/frontendlayer/tikz/libraries\tikzlibrarytrees.code.tex"
File: tikzlibrarytrees.code.tex 2019/02/02 v3.1.1 (3.1.1)
)
("C:\Users\alexandre.ripoteau\AppData\Local\Programs\MiKTeX 2.9\tex/generic/pgf
/frontendlayer/tikz/libraries\tikzlibrarydecorations.code.tex"
("C:\Users\alexandre.ripoteau\AppData\Local\Programs\MiKTeX 2.9\tex/generic/pgf
/modules\pgfmoduledecorations.code.tex"
\pgfdecoratedcompleteddistance=\dimen287
\pgfdecoratedremainingdistance=\dimen288
\pgfdecoratedinputsegmentcompleteddistance=\dimen289
\pgfdecoratedinputsegmentremainingdistance=\dimen290
\pgf@decorate@distancetomove=\dimen291
\pgf@decorate@repeatstate=\count361
\pgfdecorationsegmentamplitude=\dimen292
\pgfdecorationsegmentlength=\dimen293
)
\tikz@lib@dec@box=\box81
))
("C:\Users\alexandre.ripoteau\AppData\Local\Programs\MiKTeX 2.9\tex/generic/pgf
/frontendlayer/tikz/libraries\tikzlibrarydecorations.pathmorphing.code.tex"
("C:\Users\alexandre.ripoteau\AppData\Local\Programs\MiKTeX 2.9\tex/generic/pgf
/libraries/decorations\pgflibrarydecorations.pathmorphing.code.tex"))
("C:\Users\alexandre.ripoteau\AppData\Local\Programs\MiKTeX 2.9\tex/generic/pgf
/frontendlayer/tikz/libraries\tikzlibrarycalc.code.tex"
File: tikzlibrarycalc.code.tex 2019/02/02 v3.1.1 (3.1.1)
)
("C:\Users\alexandre.ripoteau\AppData\Local\Programs\MiKTeX 2.9\tex/latex/pgf-b
lur\tikzlibraryshadows.blur.code.tex"  v1.02, 2012/12/09
("C:\Users\alexandre.ripoteau\AppData\Local\Programs\MiKTeX 2.9\tex/generic/pgf
/frontendlayer/tikz/libraries\tikzlibraryshadows.code.tex"
File: tikzlibraryshadows.code.tex 2019/02/02 v3.1.1 (3.1.1)

("C:\Users\alexandre.ripoteau\AppData\Local\Programs\MiKTeX 2.9\tex/generic/pgf
/frontendlayer/tikz/libraries\tikzlibraryfadings.code.tex"
File: tikzlibraryfadings.code.tex 2019/02/02 v3.1.1 (3.1.1)

("C:\Users\alexandre.ripoteau\AppData\Local\Programs\MiKTeX 2.9\tex/generic/pgf
/libraries\pgflibraryfadings.code.tex"
File: pgflibraryfadings.code.tex 2019/02/02 v3.1.1 (3.1.1)
)))
\pgfbs@fading@count=\count362
)
("C:\Users\alexandre.ripoteau\AppData\Local\Programs\MiKTeX 2.9\tex/generic/pgf
/frontendlayer/tikz/libraries\tikzlibraryshadings.code.tex"
File: tikzlibraryshadings.code.tex 2019/02/02 v3.1.1 (3.1.1)

("C:\Users\alexandre.ripoteau\AppData\Local\Programs\MiKTeX 2.9\tex/generic/pgf
/libraries\pgflibraryshadings.code.tex"
File: pgflibraryshadings.code.tex 2019/02/02 v3.1.1 (3.1.1)
))
("C:\Users\alexandre.ripoteau\AppData\Local\Programs\MiKTeX 2.9\tex/generic/pgf
/frontendlayer/tikz/libraries\tikzlibraryshapes.code.tex"
File: tikzlibraryshapes.code.tex 2019/02/02 v3.1.1 (3.1.1)

("C:\Users\alexandre.ripoteau\AppData\Local\Programs\MiKTeX 2.9\tex/generic/pgf
/frontendlayer/tikz/libraries\tikzlibraryshapes.geometric.code.tex"
File: tikzlibraryshapes.geometric.code.tex 2019/02/02 v3.1.1 (3.1.1)

("C:\Users\alexandre.ripoteau\AppData\Local\Programs\MiKTeX 2.9\tex/generic/pgf
/libraries/shapes\pgflibraryshapes.geometric.code.tex"
File: pgflibraryshapes.geometric.code.tex 2019/02/02 v3.1.1 (3.1.1)
))
("C:\Users\alexandre.ripoteau\AppData\Local\Programs\MiKTeX 2.9\tex/generic/pgf
/frontendlayer/tikz/libraries\tikzlibraryshapes.misc.code.tex"
File: tikzlibraryshapes.misc.code.tex 2019/02/02 v3.1.1 (3.1.1)

("C:\Users\alexandre.ripoteau\AppData\Local\Programs\MiKTeX 2.9\tex/generic/pgf
/libraries/shapes\pgflibraryshapes.misc.code.tex"
File: pgflibraryshapes.misc.code.tex 2019/02/02 v3.1.1 (3.1.1)
))
("C:\Users\alexandre.ripoteau\AppData\Local\Programs\MiKTeX 2.9\tex/generic/pgf
/frontendlayer/tikz/libraries\tikzlibraryshapes.symbols.code.tex"
File: tikzlibraryshapes.symbols.code.tex 2019/02/02 v3.1.1 (3.1.1)

("C:\Users\alexandre.ripoteau\AppData\Local\Programs\MiKTeX 2.9\tex/generic/pgf
/libraries/shapes\pgflibraryshapes.symbols.code.tex"
File: pgflibraryshapes.symbols.code.tex 2019/02/02 v3.1.1 (3.1.1)
))
("C:\Users\alexandre.ripoteau\AppData\Local\Programs\MiKTeX 2.9\tex/generic/pgf
/frontendlayer/tikz/libraries\tikzlibraryshapes.arrows.code.tex"
File: tikzlibraryshapes.arrows.code.tex 2019/02/02 v3.1.1 (3.1.1)

("C:\Users\alexandre.ripoteau\AppData\Local\Programs\MiKTeX 2.9\tex/generic/pgf
/libraries/shapes\pgflibraryshapes.arrows.code.tex"
File: pgflibraryshapes.arrows.code.tex 2019/02/02 v3.1.1 (3.1.1)
))
("C:\Users\alexandre.ripoteau\AppData\Local\Programs\MiKTeX 2.9\tex/generic/pgf
/frontendlayer/tikz/libraries\tikzlibraryshapes.callouts.code.tex"
("C:\Users\alexandre.ripoteau\AppData\Local\Programs\MiKTeX 2.9\tex/generic/pgf
/libraries/shapes\pgflibraryshapes.callouts.code.tex"))
("C:\Users\alexandre.ripoteau\AppData\Local\Programs\MiKTeX 2.9\tex/generic/pgf
/frontendlayer/tikz/libraries\tikzlibraryshapes.multipart.code.tex"
File: tikzlibraryshapes.multipart.code.tex 2019/02/02 v3.1.1 (3.1.1)

("C:\Users\alexandre.ripoteau\AppData\Local\Programs\MiKTeX 2.9\tex/generic/pgf
/libraries/shapes\pgflibraryshapes.multipart.code.tex"
File: pgflibraryshapes.multipart.code.tex 2019/02/02 v3.1.1 (3.1.1)
\pgfnodepartlowerbox=\box82
\pgfnodeparttwobox=\box83
\pgfnodepartthreebox=\box84
\pgfnodepartfourbox=\box85
\pgfnodeparttwentybox=\box86
\pgfnodepartnineteenbox=\box87
\pgfnodeparteighteenbox=\box88
\pgfnodepartseventeenbox=\box89
\pgfnodepartsixteenbox=\box90
\pgfnodepartfifteenbox=\box91
\pgfnodepartfourteenbox=\box92
\pgfnodepartthirteenbox=\box93
\pgfnodeparttwelvebox=\box94
\pgfnodepartelevenbox=\box95
\pgfnodeparttenbox=\box96
\pgfnodepartninebox=\box97
\pgfnodeparteightbox=\box98
\pgfnodepartsevenbox=\box99
\pgfnodepartsixbox=\box100
\pgfnodepartfivebox=\box101
)))
("C:\Users\alexandre.ripoteau\AppData\Local\Programs\MiKTeX 2.9\tex/generic/pgf
/frontendlayer/tikz/libraries\tikzlibrarybackgrounds.code.tex"
File: tikzlibrarybackgrounds.code.tex 2019/02/02 v3.1.1 (3.1.1)
\pgf@layerbox@background=\box102
\pgf@layerboxsaved@background=\box103
)
("C:\Users\alexandre.ripoteau\AppData\Local\Programs\MiKTeX 2.9\tex/latex/tcolo
rbox\tcbskins.code.tex"
Library (tcolorbox): 'tcbskins.code.tex' version '4.20'
\tcb@waterbox=\box104

("C:\Users\alexandre.ripoteau\AppData\Local\Programs\MiKTeX 2.9\tex/latex/tcolo
rbox\tcbskinsjigsaw.code.tex"
Library (tcolorbox): 'tcbskinsjigsaw.code.tex' version '4.20'
))
("C:\Users\alexandre.ripoteau\AppData\Local\Programs\MiKTeX 2.9\tex/latex/tcolo
rbox\tcbraster.code.tex"
Library (tcolorbox): 'tcbraster.code.tex' version '4.20'
\c@tcbrastercolumn=\count363
\c@tcbrasterrow=\count364
\c@tcbraster=\count365
)
("C:\Users\alexandre.ripoteau\AppData\Local\Programs\MiKTeX 2.9\tex/latex/tcolo
rbox\tcbbreakable.code.tex"
Library (tcolorbox): 'tcbbreakable.code.tex' version '4.20'
\tcb@testbox=\box105
\tcb@totalupperbox=\box106
\tcb@totallowerbox=\box107
) (Methodologie-Glossary.tex
("C:\Users\alexandre.ripoteau\AppData\Local\Programs\MiKTeX 2.9\tex/latex/saves
ym\savesym.sty"
Package: savesym 2013/09/02 v1.2 Saves and restores symbols (JG)
)
("C:\Users\alexandre.ripoteau\AppData\Local\Programs\MiKTeX 2.9\tex/latex/gloss
aries/base\glossaries.sty"
Package: glossaries 2019/01/06 v4.42 (NLCT)

("C:\Users\alexandre.ripoteau\AppData\Local\Programs\MiKTeX 2.9\tex/latex/mfirs
tuc\mfirstuc.sty"
Package: mfirstuc 2017/11/14 v2.06 (NLCT)
\@glsmfirst=\toks50
\@glsmrest=\toks51
)
("C:\Users\alexandre.ripoteau\AppData\Local\Programs\MiKTeX 2.9\tex/latex/textc
ase\textcase.sty"
Package: textcase 2004/10/07 v0.07 Text only upper/lower case changing (DPC)
)
("C:\Users\alexandre.ripoteau\AppData\Local\Programs\MiKTeX 2.9\tex/latex/xfor\
xfor.sty"
Package: xfor 2009/02/05 v1.05 (NLCT)
)
("C:\Users\alexandre.ripoteau\AppData\Local\Programs\MiKTeX 2.9\tex/latex/datat
ool\datatool-base.sty"
Package: datatool-base 2018/12/07 v2.31 (NLCT)

("C:\Users\alexandre.ripoteau\AppData\Local\Programs\MiKTeX 2.9\tex/latex/amsma
th\amsmath.sty"
Package: amsmath 2018/12/01 v2.17b AMS math features
\@mathmargin=\skip69

For additional information on amsmath, use the `?' option.

("C:\Users\alexandre.ripoteau\AppData\Local\Programs\MiKTeX 2.9\tex/latex/amsma
th\amstext.sty"
Package: amstext 2000/06/29 v2.01 AMS text
)
("C:\Users\alexandre.ripoteau\AppData\Local\Programs\MiKTeX 2.9\tex/latex/amsma
th\amsbsy.sty"
Package: amsbsy 1999/11/29 v1.2d Bold Symbols
\pmbraise@=\dimen294
)
("C:\Users\alexandre.ripoteau\AppData\Local\Programs\MiKTeX 2.9\tex/latex/amsma
th\amsopn.sty"
Package: amsopn 2016/03/08 v2.02 operator names
)
\inf@bad=\count366
LaTeX Info: Redefining \frac on input line 223.
\uproot@=\count367
\leftroot@=\count368
LaTeX Info: Redefining \overline on input line 385.
\classnum@=\count369
\DOTSCASE@=\count370
LaTeX Info: Redefining \ldots on input line 482.
LaTeX Info: Redefining \dots on input line 485.
LaTeX Info: Redefining \cdots on input line 606.
\Mathstrutbox@=\box108
\strutbox@=\box109
\big@size=\dimen295
LaTeX Font Info:    Redeclaring font encoding OML on input line 729.
LaTeX Font Info:    Redeclaring font encoding OMS on input line 730.
\macc@depth=\count371
\c@MaxMatrixCols=\count372
\dotsspace@=\muskip17
\c@parentequation=\count373
\dspbrk@lvl=\count374
\tag@help=\toks52
\row@=\count375
\column@=\count376
\maxfields@=\count377
\andhelp@=\toks53
\eqnshift@=\dimen296
\alignsep@=\dimen297
\tagshift@=\dimen298
\tagwidth@=\dimen299
\totwidth@=\dimen300
\lineht@=\dimen301
\@envbody=\toks54
\multlinegap=\skip70
\multlinetaggap=\skip71
\mathdisplay@stack=\toks55
LaTeX Info: Redefining \[ on input line 2844.
LaTeX Info: Redefining \] on input line 2845.
)
("C:\Users\alexandre.ripoteau\AppData\Local\Programs\MiKTeX 2.9\tex/latex/subst
r\substr.sty"
Package: substr 2009/10/20 v1.2 Handle substrings
\c@su@anzahl=\count378
)
("C:\Users\alexandre.ripoteau\AppData\Local\Programs\MiKTeX 2.9\tex/latex/datat
ool\datatool-fp.sty"
Package: datatool-fp 2018/12/07 v2.31 (NLCT)

("C:\Users\alexandre.ripoteau\AppData\Local\Programs\MiKTeX 2.9\tex/latex/fp\fp
.sty"
Package: fp 1995/04/02
 `Fixed Point Package', Version 0.8, April 2, 1995 (C) Michael Mehlich
("C:\Users\alexandre.ripoteau\AppData\Local\Programs\MiKTeX 2.9\tex/latex/fp\de
fpattern.sty"
Package: defpattern 1994/10/12
\actioncount=\count379
)
("C:\Users\alexandre.ripoteau\AppData\Local\Programs\MiKTeX 2.9\tex/latex/fp\fp
-basic.sty"
Package: fp-basic 1996/05/13
\FP@xs=\count380
\FP@xia=\count381
\FP@xib=\count382
\FP@xfa=\count383
\FP@xfb=\count384
\FP@rega=\count385
\FP@regb=\count386
\FP@regs=\count387
\FP@times=\count388
)
("C:\Users\alexandre.ripoteau\AppData\Local\Programs\MiKTeX 2.9\tex/latex/fp\fp
-addons.sty"
Package: fp-addons 1995/03/15
)
("C:\Users\alexandre.ripoteau\AppData\Local\Programs\MiKTeX 2.9\tex/latex/fp\fp
-snap.sty"
Package: fp-snap 1995/04/05
)
("C:\Users\alexandre.ripoteau\AppData\Local\Programs\MiKTeX 2.9\tex/latex/fp\fp
-exp.sty"
Package: fp-exp 1995/04/03
)
("C:\Users\alexandre.ripoteau\AppData\Local\Programs\MiKTeX 2.9\tex/latex/fp\fp
-trigo.sty"
Package: fp-trigo 1995/04/14
)
("C:\Users\alexandre.ripoteau\AppData\Local\Programs\MiKTeX 2.9\tex/latex/fp\fp
-pas.sty"
Package: fp-pas 1994/08/29
)
("C:\Users\alexandre.ripoteau\AppData\Local\Programs\MiKTeX 2.9\tex/latex/fp\fp
-random.sty"
Package: fp-random 1995/02/23
\FPseed=\count389
)
("C:\Users\alexandre.ripoteau\AppData\Local\Programs\MiKTeX 2.9\tex/latex/fp\fp
-eqn.sty"
Package: fp-eqn 1995/04/03
)
("C:\Users\alexandre.ripoteau\AppData\Local\Programs\MiKTeX 2.9\tex/latex/fp\fp
-upn.sty"
Package: fp-upn 1996/10/21
)
("C:\Users\alexandre.ripoteau\AppData\Local\Programs\MiKTeX 2.9\tex/latex/fp\fp
-eval.sty"
Package: fp-eval 1995/04/03
)))
\@dtl@toks=\toks56
\@dtl@tmpcount=\count390
\dtl@tmplength=\skip72
\dtl@sortresult=\count391
\@dtl@numgrpsepcount=\count392
\@dtl@datatype=\count393
\dtl@codeA=\count394
\dtl@codeB=\count395
\@dtl@foreach@level=\count396
)
("C:\Users\alexandre.ripoteau\AppData\Local\Programs\MiKTeX 2.9\tex/latex/gloss
aries/base\glossaries-compatible-307.sty"
Package: glossaries-compatible-307 2019/01/06 v4.42 (NLCT)
)
("C:\Users\alexandre.ripoteau\AppData\Local\Programs\MiKTeX 2.9\tex/latex/track
lang\tracklang.sty"
Package: tracklang 2018/05/13 v1.3.6 (NLCT) Track Languages

("C:\Users\alexandre.ripoteau\AppData\Local\Programs\MiKTeX 2.9\tex/generic/tra
cklang\tracklang.tex"))
("C:\Users\alexandre.ripoteau\AppData\Local\Programs\MiKTeX 2.9\tex/latex/trans
lator\translator.sty"
Package: translator 2018/01/04 v1.12 Easy translation of strings in LaTeX
)
("C:\Users\alexandre.ripoteau\AppData\Local\Programs\MiKTeX 2.9\tex/latex/gloss
aries-french\glossaries-french.ldf"
File: glossaries-french.ldf 2016/12/12 v1.1
)
\gls@level=\count397
\@gls@tmpb=\toks57
\gls@tmplen=\skip73
\glskeylisttok=\toks58
\glslabeltok=\toks59
\glsshorttok=\toks60
\glslongtok=\toks61

("C:\Users\alexandre.ripoteau\AppData\Local\Programs\MiKTeX 2.9\tex/latex/gloss
aries/styles\glossary-hypernav.sty"
Package: glossary-hypernav 2019/01/06 v4.42 (NLCT)
)
("C:\Users\alexandre.ripoteau\AppData\Local\Programs\MiKTeX 2.9\tex/latex/gloss
aries/styles\glossary-list.sty"
Package: glossary-list 2019/01/06 v4.42 (NLCT)
\glslistdottedwidth=\skip74
)
("C:\Users\alexandre.ripoteau\AppData\Local\Programs\MiKTeX 2.9\tex/latex/gloss
aries/styles\glossary-long.sty"
Package: glossary-long 2019/01/06 v4.42 (NLCT)

("C:\Users\alexandre.ripoteau\AppData\Local\Programs\MiKTeX 2.9\tex/latex/tools
\longtable.sty"
Package: longtable 2014/10/28 v4.11 Multi-page Table package (DPC)+ FMi change
\LTleft=\skip75
\LTright=\skip76
\LTpre=\skip77
\LTpost=\skip78
\LTchunksize=\count398
\LTcapwidth=\dimen302
\LT@head=\box110
\LT@firsthead=\box111
\LT@foot=\box112
\LT@lastfoot=\box113
\LT@cols=\count399
\LT@rows=\count400
\c@LT@tables=\count401
\c@LT@chunks=\count402
\LT@p@ftn=\toks62
)
\glsdescwidth=\skip79
\glspagelistwidth=\skip80
)
("C:\Users\alexandre.ripoteau\AppData\Local\Programs\MiKTeX 2.9\tex/latex/gloss
aries/styles\glossary-super.sty"
Package: glossary-super 2019/01/06 v4.42 (NLCT)

("C:\Users\alexandre.ripoteau\AppData\Local\Programs\MiKTeX 2.9\tex/latex/super
tabular\supertabular.sty"
Package: supertabular 2004/02/20 v4.1e the supertabular environment
\c@tracingst=\count403
\ST@wd=\dimen303
\ST@rightskip=\skip81
\ST@leftskip=\skip82
\ST@parfillskip=\skip83
\ST@pageleft=\dimen304
\ST@headht=\dimen305
\ST@tailht=\dimen306
\ST@pagesofar=\dimen307
\ST@pboxht=\dimen308
\ST@lineht=\dimen309
\ST@stretchht=\dimen310
\ST@prevht=\dimen311
\ST@toadd=\dimen312
\ST@dimen=\dimen313
\ST@pbox=\box114
))
("C:\Users\alexandre.ripoteau\AppData\Local\Programs\MiKTeX 2.9\tex/latex/gloss
aries/styles\glossary-tree.sty"
Package: glossary-tree 2019/01/06 v4.42 (NLCT)
\glstreeindent=\skip84
))
\glswrite=\write8
\glo@main@file=\write9
\openout9 = `test.glo'.

Package glossaries Info: Writing glossary file test.glo on input line 30.
\glo@acronym@file=\write10
\openout10 = `test.acn'.

Package glossaries Info: Writing glossary file test.acn on input line 30.
) (Paper-Style.tex
\c@mathseed=\count404
) (cryptoStandard.tex)
(Methodologie-Encarts.tex)
\@indexfile=\write11
\openout11 = `test.idx'.


Writing index file test.idx
\SchematicsBox=\box115
\ExampleBox=\box116
runsystem(for ^%i in (pygmentize.exe pygmentize.bat pygmentize.cmd) do set > te
st.aex <nul: /p x=^%~$PATH:i>> test.aex)...executed.

runsystem(del test.aex)...executed.

(test.aux)
\openout1 = `test.aux'.

LaTeX Font Info:    Checking defaults for OML/cmm/m/it on input line 76.
LaTeX Font Info:    ... okay on input line 76.
LaTeX Font Info:    Checking defaults for T1/cmr/m/n on input line 76.
LaTeX Font Info:    ... okay on input line 76.
LaTeX Font Info:    Checking defaults for OT1/cmr/m/n on input line 76.
LaTeX Font Info:    ... okay on input line 76.
LaTeX Font Info:    Checking defaults for OMS/cmsy/m/n on input line 76.
LaTeX Font Info:    ... okay on input line 76.
LaTeX Font Info:    Checking defaults for OMX/cmex/m/n on input line 76.
LaTeX Font Info:    ... okay on input line 76.
LaTeX Font Info:    Checking defaults for U/cmr/m/n on input line 76.
LaTeX Font Info:    ... okay on input line 76.
LaTeX Font Info:    Checking defaults for PD1/pdf/m/n on input line 76.
LaTeX Font Info:    ... okay on input line 76.
LaTeX Info: Redefining \degres on input line 76.
LaTeX Info: Redefining \dots on input line 76.
LaTeX Info: Redefining \up on input line 76.


Package french.ldf Warning: OT1 encoding should not be used for French.
(french.ldf)                Add \usepackage[T1]{fontenc} to the preamble
(french.ldf)                of your document; reported on input line 76.

*geometry* driver: auto-detecting
*geometry* detected driver: pdftex
*geometry* verbose mode - [ preamble ] result:
* driver: pdftex
* paper: a4paper
* layout: <same size as paper>
* layoutoffset:(h,v)=(0.0pt,0.0pt)
* modes: twoside heightrounded 
* h-part:(L,W,R)=(56.9055pt, 455.24411pt, 85.35826pt)
* v-part:(T,H,B)=(101.40665pt, 686.7347pt, 56.9055pt)
* \paperwidth=597.50787pt
* \paperheight=845.04684pt
* \textwidth=455.24411pt
* \textheight=693.5pt
* \oddsidemargin=-15.36449pt
* \evensidemargin=13.08827pt
* \topmargin=-2.73714pt
* \headheight=12.0pt
* \headsep=19.8738pt
* \topskip=12.0pt
* \footskip=30.0pt
* \marginparwidth=71.13188pt
* \marginparsep=7.11317pt
* \columnsep=10.0pt
* \skip\footins=10.8pt plus 4.0pt minus 2.0pt
* \hoffset=0.0pt
* \voffset=0.0pt
* \mag=1000
* \@twocolumnfalse
* \@twosidetrue
* \@mparswitchtrue
* \@reversemarginfalse
* (1in=72.27pt=25.4mm, 1cm=28.453pt)


("C:\Users\alexandre.ripoteau\AppData\Local\Programs\MiKTeX 2.9\tex/context/bas
e/mkii\supp-pdf.mkii"
[Loading MPS to PDF converter (version 2006.09.02).]
\scratchcounter=\count405
\scratchdimen=\dimen314
\scratchbox=\box117
\nofMPsegments=\count406
\nofMParguments=\count407
\everyMPshowfont=\toks63
\MPscratchCnt=\count408
\MPscratchDim=\dimen315
\MPnumerator=\count409
\makeMPintoPDFobject=\count410
\everyMPtoPDFconversion=\toks64
)
("C:\Users\alexandre.ripoteau\AppData\Local\Programs\MiKTeX 2.9\tex/latex/oberd
iek\epstopdf-base.sty"
Package: epstopdf-base 2016/05/15 v2.6 Base part for package epstopdf

("C:\Users\alexandre.ripoteau\AppData\Local\Programs\MiKTeX 2.9\tex/latex/oberd
iek\grfext.sty"
Package: grfext 2016/05/16 v1.2 Manage graphics extensions (HO)
)
Package epstopdf-base Info: Redefining graphics rule for `.eps' on input line 4
38.
Package grfext Info: Graphics extension search list:
(grfext)             [.pdf,.png,.jpg,.mps,.jpeg,.jbig2,.jb2,.PDF,.PNG,.JPG,.JPE
G,.JBIG2,.JB2,.eps]
(grfext)             \AppendGraphicsExtensions on input line 456.
)
\AtBeginShipoutBox=\box118
Package hyperref Info: Link coloring OFF on input line 76.

("C:\Users\alexandre.ripoteau\AppData\Local\Programs\MiKTeX 2.9\tex/latex/hyper
ref\nameref.sty"
Package: nameref 2016/05/21 v2.44 Cross-referencing by name of section

("C:\Users\alexandre.ripoteau\AppData\Local\Programs\MiKTeX 2.9\tex/generic/obe
rdiek\gettitlestring.sty"
Package: gettitlestring 2016/05/16 v1.5 Cleanup title references (HO)
)
\c@section@level=\count411
)
LaTeX Info: Redefining \ref on input line 76.
LaTeX Info: Redefining \pageref on input line 76.
LaTeX Info: Redefining \nameref on input line 76.
 (test.out) (test.out)
\@outlinefile=\write12
\openout12 = `test.out'.


ABD: EveryShipout initializing macros
("C:\Users\alexandre.ripoteau\AppData\Local\Programs\MiKTeX 2.9\tex/latex/base\
textcomp.sty"
Package: textcomp 2018/08/11 v2.0j Standard LaTeX package
Package textcomp Info: Sub-encoding information:
(textcomp)               5 = only ISO-Adobe without \textcurrency
(textcomp)               4 = 5 + \texteuro
(textcomp)               3 = 4 + \textohm
(textcomp)               2 = 3 + \textestimated + \textcurrency
(textcomp)               1 = TS1 - \textcircled - \t
(textcomp)               0 = TS1 (full)
(textcomp)             Font families with sub-encoding setting implement
(textcomp)             only a restricted character set as indicated.
(textcomp)             Family '?' is the default used for unknown fonts.
(textcomp)             See the documentation for details.
Package textcomp Info: Setting ? sub-encoding to TS1/1 on input line 79.

("C:\Users\alexandre.ripoteau\AppData\Local\Programs\MiKTeX 2.9\tex/latex/base\
ts1enc.def"
File: ts1enc.def 2001/06/05 v3.0e (jk/car/fm) Standard LaTeX file
Now handling font encoding TS1 ...
... processing UTF-8 mapping file for font encoding TS1

("C:\Users\alexandre.ripoteau\AppData\Local\Programs\MiKTeX 2.9\tex/latex/base\
ts1enc.dfu"
File: ts1enc.dfu 2018/10/05 v1.2f UTF-8 support for inputenc
   defining Unicode char U+00A2 (decimal 162)
   defining Unicode char U+00A3 (decimal 163)
   defining Unicode char U+00A4 (decimal 164)
   defining Unicode char U+00A5 (decimal 165)
   defining Unicode char U+00A6 (decimal 166)
   defining Unicode char U+00A7 (decimal 167)
   defining Unicode char U+00A8 (decimal 168)
   defining Unicode char U+00A9 (decimal 169)
   defining Unicode char U+00AA (decimal 170)
   defining Unicode char U+00AC (decimal 172)
   defining Unicode char U+00AE (decimal 174)
   defining Unicode char U+00AF (decimal 175)
   defining Unicode char U+00B0 (decimal 176)
   defining Unicode char U+00B1 (decimal 177)
   defining Unicode char U+00B2 (decimal 178)
   defining Unicode char U+00B3 (decimal 179)
   defining Unicode char U+00B4 (decimal 180)
   defining Unicode char U+00B5 (decimal 181)
   defining Unicode char U+00B6 (decimal 182)
   defining Unicode char U+00B7 (decimal 183)
   defining Unicode char U+00B9 (decimal 185)
   defining Unicode char U+00BA (decimal 186)
   defining Unicode char U+00BC (decimal 188)
   defining Unicode char U+00BD (decimal 189)
   defining Unicode char U+00BE (decimal 190)
   defining Unicode char U+00D7 (decimal 215)
   defining Unicode char U+00F7 (decimal 247)
   defining Unicode char U+0192 (decimal 402)
   defining Unicode char U+02C7 (decimal 711)
   defining Unicode char U+02D8 (decimal 728)
   defining Unicode char U+02DD (decimal 733)
   defining Unicode char U+0E3F (decimal 3647)
   defining Unicode char U+2016 (decimal 8214)
   defining Unicode char U+2020 (decimal 8224)
   defining Unicode char U+2021 (decimal 8225)
   defining Unicode char U+2022 (decimal 8226)
   defining Unicode char U+2030 (decimal 8240)
   defining Unicode char U+2031 (decimal 8241)
   defining Unicode char U+203B (decimal 8251)
   defining Unicode char U+203D (decimal 8253)
   defining Unicode char U+2044 (decimal 8260)
   defining Unicode char U+204E (decimal 8270)
   defining Unicode char U+2052 (decimal 8274)
   defining Unicode char U+20A1 (decimal 8353)
   defining Unicode char U+20A4 (decimal 8356)
   defining Unicode char U+20A6 (decimal 8358)
   defining Unicode char U+20A9 (decimal 8361)
   defining Unicode char U+20AB (decimal 8363)
   defining Unicode char U+20AC (decimal 8364)
   defining Unicode char U+20B1 (decimal 8369)
   defining Unicode char U+2103 (decimal 8451)
   defining Unicode char U+2116 (decimal 8470)
   defining Unicode char U+2117 (decimal 8471)
   defining Unicode char U+211E (decimal 8478)
   defining Unicode char U+2120 (decimal 8480)
   defining Unicode char U+2122 (decimal 8482)
   defining Unicode char U+2126 (decimal 8486)
   defining Unicode char U+2127 (decimal 8487)
   defining Unicode char U+212E (decimal 8494)
   defining Unicode char U+2190 (decimal 8592)
   defining Unicode char U+2191 (decimal 8593)
   defining Unicode char U+2192 (decimal 8594)
   defining Unicode char U+2193 (decimal 8595)
   defining Unicode char U+2329 (decimal 9001)
   defining Unicode char U+232A (decimal 9002)
   defining Unicode char U+2422 (decimal 9250)
   defining Unicode char U+25E6 (decimal 9702)
   defining Unicode char U+25EF (decimal 9711)
   defining Unicode char U+266A (decimal 9834)
   defining Unicode char U+FEFF (decimal 65279)
))
LaTeX Info: Redefining \oldstylenums on input line 334.
Package textcomp Info: Setting cmr sub-encoding to TS1/0 on input line 349.
Package textcomp Info: Setting cmss sub-encoding to TS1/0 on input line 350.
Package textcomp Info: Setting cmtt sub-encoding to TS1/0 on input line 351.
Package textcomp Info: Setting cmvtt sub-encoding to TS1/0 on input line 352.
Package textcomp Info: Setting cmbr sub-encoding to TS1/0 on input line 353.
Package textcomp Info: Setting cmtl sub-encoding to TS1/0 on input line 354.
Package textcomp Info: Setting ccr sub-encoding to TS1/0 on input line 355.
Package textcomp Info: Setting ptm sub-encoding to TS1/4 on input line 356.
Package textcomp Info: Setting pcr sub-encoding to TS1/4 on input line 357.
Package textcomp Info: Setting phv sub-encoding to TS1/4 on input line 358.
Package textcomp Info: Setting ppl sub-encoding to TS1/3 on input line 359.
Package textcomp Info: Setting pag sub-encoding to TS1/4 on input line 360.
Package textcomp Info: Setting pbk sub-encoding to TS1/4 on input line 361.
Package textcomp Info: Setting pnc sub-encoding to TS1/4 on input line 362.
Package textcomp Info: Setting pzc sub-encoding to TS1/4 on input line 363.
Package textcomp Info: Setting bch sub-encoding to TS1/4 on input line 364.
Package textcomp Info: Setting put sub-encoding to TS1/5 on input line 365.
Package textcomp Info: Setting uag sub-encoding to TS1/5 on input line 366.
Package textcomp Info: Setting ugq sub-encoding to TS1/5 on input line 367.
Package textcomp Info: Setting ul8 sub-encoding to TS1/4 on input line 368.
Package textcomp Info: Setting ul9 sub-encoding to TS1/4 on input line 369.
Package textcomp Info: Setting augie sub-encoding to TS1/5 on input line 370.
Package textcomp Info: Setting dayrom sub-encoding to TS1/3 on input line 371.
Package textcomp Info: Setting dayroms sub-encoding to TS1/3 on input line 372.

Package textcomp Info: Setting pxr sub-encoding to TS1/0 on input line 373.
Package textcomp Info: Setting pxss sub-encoding to TS1/0 on input line 374.
Package textcomp Info: Setting pxtt sub-encoding to TS1/0 on input line 375.
Package textcomp Info: Setting txr sub-encoding to TS1/0 on input line 376.
Package textcomp Info: Setting txss sub-encoding to TS1/0 on input line 377.
Package textcomp Info: Setting txtt sub-encoding to TS1/0 on input line 378.
Package textcomp Info: Setting lmr sub-encoding to TS1/0 on input line 379.
Package textcomp Info: Setting lmdh sub-encoding to TS1/0 on input line 380.
Package textcomp Info: Setting lmss sub-encoding to TS1/0 on input line 381.
Package textcomp Info: Setting lmssq sub-encoding to TS1/0 on input line 382.
Package textcomp Info: Setting lmvtt sub-encoding to TS1/0 on input line 383.
Package textcomp Info: Setting lmtt sub-encoding to TS1/0 on input line 384.
Package textcomp Info: Setting qhv sub-encoding to TS1/0 on input line 385.
Package textcomp Info: Setting qag sub-encoding to TS1/0 on input line 386.
Package textcomp Info: Setting qbk sub-encoding to TS1/0 on input line 387.
Package textcomp Info: Setting qcr sub-encoding to TS1/0 on input line 388.
Package textcomp Info: Setting qcs sub-encoding to TS1/0 on input line 389.
Package textcomp Info: Setting qpl sub-encoding to TS1/0 on input line 390.
Package textcomp Info: Setting qtm sub-encoding to TS1/0 on input line 391.
Package textcomp Info: Setting qzc sub-encoding to TS1/0 on input line 392.
Package textcomp Info: Setting qhvc sub-encoding to TS1/0 on input line 393.
Package textcomp Info: Setting futs sub-encoding to TS1/4 on input line 394.
Package textcomp Info: Setting futx sub-encoding to TS1/4 on input line 395.
Package textcomp Info: Setting futj sub-encoding to TS1/4 on input line 396.
Package textcomp Info: Setting hlh sub-encoding to TS1/3 on input line 397.
Package textcomp Info: Setting hls sub-encoding to TS1/3 on input line 398.
Package textcomp Info: Setting hlst sub-encoding to TS1/3 on input line 399.
Package textcomp Info: Setting hlct sub-encoding to TS1/5 on input line 400.
Package textcomp Info: Setting hlx sub-encoding to TS1/5 on input line 401.
Package textcomp Info: Setting hlce sub-encoding to TS1/5 on input line 402.
Package textcomp Info: Setting hlcn sub-encoding to TS1/5 on input line 403.
Package textcomp Info: Setting hlcw sub-encoding to TS1/5 on input line 404.
Package textcomp Info: Setting hlcf sub-encoding to TS1/5 on input line 405.
Package textcomp Info: Setting pplx sub-encoding to TS1/3 on input line 406.
Package textcomp Info: Setting pplj sub-encoding to TS1/3 on input line 407.
Package textcomp Info: Setting ptmx sub-encoding to TS1/4 on input line 408.
Package textcomp Info: Setting ptmj sub-encoding to TS1/4 on input line 409.
)
\c@lstlisting=\count412

Chapitre 1.
LaTeX Font Info:    Font shape `OT1/cmtt/bx/n' in size <12> not available
(Font)              Font shape `OT1/cmtt/m/n' tried instead on input line 87.
\openout7 = `test.pyg'.

(_minted-test/default-pyg-prefix.pygstyle) (_minted-test/default.pygstyle)
(_minted-test/9E37EAC435655F58C74DF77B61D239E0FE0B82CFF31DD28CDACF4AC84FAE955D.
pygtex)
\openout7 = `test.pyg'.


(_minted-test/7441D3D6A288143C5A2A08A786BCD5EEFE0B82CFF31DD28CDACF4AC84FAE955D.
pygtex)
Underfull \hbox (badness 10000) in paragraph at lines 85--89

 []

LaTeX Font Info:    Try loading font information for OMS+cmr on input line 89.

("C:\Users\alexandre.ripoteau\AppData\Local\Programs\MiKTeX 2.9\tex/latex/base\
omscmr.fd"
File: omscmr.fd 2014/09/29 v2.5h Standard LaTeX font definitions
)
LaTeX Font Info:    Font shape `OMS/cmr/bx/n' in size <10> not available
(Font)              Font shape `OMS/cmsy/b/n' tried instead on input line 89.

Underfull \hbox (badness 10000) in paragraph at lines 92--93

 []

[1

\openout8 = `test.ist'.


{C:/Users/alexandre.ripoteau/AppData/Local/MiKTeX/2.9/pdftex/config/pdftex.map}
]
\openout7 = `test.pyg'.


(_minted-test/FDA0C427837147BC0CB0E870A52EDAD5FE0B82CFF31DD28CDACF4AC84FAE955D.
pygtex)
Underfull \hbox (badness 10000) in paragraph at lines 94--95

 []


Package glossaries Warning: No \printglossary or \printglossaries found. 
(Remove \makeglossaries if you don't want any glossaries.) 
This document will not have a glossary.

[2]
Package atveryend Info: Empty hook `BeforeClearDocument' on input line 103.
Package atveryend Info: Empty hook `AfterLastShipout' on input line 103.
 (test.aux)
Package atveryend Info: Executing hook `AtVeryEndDocument' on input line 103.
Package atveryend Info: Executing hook `AtEndAfterFileList' on input line 103.
Package rerunfilecheck Info: File `test.out' has not changed.
(rerunfilecheck)             Checksum: FA59B8F123D6D6D57F0FAAEB039DF58B;264.
runsystem(del test.pyg)...executed.

Package atveryend Info: Empty hook `AtVeryVeryEnd' on input line 103.
 ) 
Here is how much of TeX's memory you used:
 49135 strings out of 492946
 987477 string characters out of 3120494
 1191601 words of memory out of 3000000
 52281 multiletter control sequences out of 15000+200000
 535844 words of font info for 36 fonts, out of 3000000 for 9000
 1141 hyphenation exceptions out of 8191
 54i,6n,94p,2092b,457s stack positions out of 5000i,500n,10000p,200000b,50000s
<C:/Users/alexandre.ripoteau/AppData/Local/Programs/MiKTeX 2.9/fonts/type1/pu
blic/amsfonts/cm/cmbsy10.pfb><C:/Users/alexandre.ripoteau/AppData/Local/Program
s/MiKTeX 2.9/fonts/type1/public/amsfonts/cm/cmbx10.pfb><C:/Users/alexandre.ripo
teau/AppData/Local/Programs/MiKTeX 2.9/fonts/type1/public/amsfonts/cm/cmbx12.pf
b><C:/Users/alexandre.ripoteau/AppData/Local/Programs/MiKTeX 2.9/fonts/type1/pu
blic/amsfonts/cm/cmr12.pfb><C:/Users/alexandre.ripoteau/AppData/Local/Programs/
MiKTeX 2.9/fonts/type1/public/amsfonts/cm/cmsl12.pfb><C:/Users/alexandre.ripote
au/AppData/Local/Programs/MiKTeX 2.9/fonts/type1/public/amsfonts/cm/cmtt12.pfb>

Output written on test.pdf (2 pages, 87179 bytes).
PDF statistics:
 98 PDF objects out of 1000 (max. 8388607)
 12 named destinations out of 1000 (max. 500000)
 181 words of extra memory for PDF output out of 10000 (max. 10000000)

